// Jest Snapshot v1, https://goo.gl/fbAQLP

exports[`renders the same Map as before 1`] = `
Array [
  <button
    onClick={[Function]}
  >
     FLOORT 
  </button>,
  <button
    onClick={[Function]}
  >
    CLICK
  </button>,
  <p
    className="floor"
  >
    This will say what floor you are looking at 
    1
  </p>,
  <img
    alt="A floor"
    src="./floors/MB2.jpg"
  />,
]
`;
